[INFO] Scanning for projects...
[INFO] 
[INFO] -----------------------< com.pos:store-manager >------------------------
[INFO] Building store-manager 1.0-SNAPSHOT
[INFO]   from pom.xml
[INFO] --------------------------------[ jar ]---------------------------------
[WARNING] 6 problems were encountered while building the effective model for org.openjfx:javafx-controls:jar:21 during dependency collection step for project (use -X to see details)
[WARNING] 6 problems were encountered while building the effective model for org.openjfx:javafx-controls:jar:20 during dependency collection step for project (use -X to see details)
[INFO] 
[INFO] --- resources:3.3.1:resources (default-resources) @ store-manager ---
[INFO] Copying 20 resources from src\main\resources to target\classes
[INFO] 
[INFO] --- compiler:3.11.0:compile (default-compile) @ store-manager ---
[INFO] Changes detected - recompiling the module! :source
[INFO] Compiling 58 source files with javac [debug target 17] to target\classes
[INFO] /C:/POS/src/main/java/com/pos/system/controllers/CheckoutController.java: C:\POS\src\main\java\com\pos\system\controllers\CheckoutController.java uses or overrides a deprecated API.
[INFO] /C:/POS/src/main/java/com/pos/system/controllers/CheckoutController.java: Recompile with -Xlint:deprecation for details.
[INFO] /C:/POS/src/main/java/com/pos/system/controllers/InventoryController.java: C:\POS\src\main\java\com\pos\system\controllers\InventoryController.java uses unchecked or unsafe operations.
[INFO] /C:/POS/src/main/java/com/pos/system/controllers/InventoryController.java: Recompile with -Xlint:unchecked for details.
[INFO] -------------------------------------------------------------
[WARNING] COMPILATION WARNING : 
[INFO] -------------------------------------------------------------
[WARNING] location of system modules is not set in conjunction with -source 17
  not setting the location of system modules may lead to class files that cannot run on JDK 17
    --release 17 is recommended instead of -source 17 -target 17 because it sets the location of system modules automatically
[INFO] 1 warning
[INFO] -------------------------------------------------------------
[INFO] -------------------------------------------------------------
[ERROR] COMPILATION ERROR : 
[INFO] -------------------------------------------------------------
[ERROR] /C:/POS/src/main/java/com/pos/system/controllers/LoginController.java:[74,38] cannot find symbol
  symbol:   class Shift
  location: package com.pos.system.models
[ERROR] /C:/POS/src/main/java/com/pos/system/controllers/LoginController.java:[75,40] cannot find symbol
  symbol:   class ShiftDAO
  location: package com.pos.system.dao
[ERROR] /C:/POS/src/main/java/com/pos/system/controllers/LoginController.java:[75,83] cannot find symbol
  symbol:   class ShiftDAO
  location: package com.pos.system.dao
[INFO] 3 errors 
[INFO] -------------------------------------------------------------
[INFO] ------------------------------------------------------------------------
[INFO] BUILD FAILURE
[INFO] ------------------------------------------------------------------------
[INFO] Total time:  2.422 s
[INFO] Finished at: 2026-02-24T13:43:34+06:30
[INFO] ------------------------------------------------------------------------
[ERROR] Failed to execute goal org.apache.maven.plugins:maven-compiler-plugin:3.11.0:compile (default-compile) on project store-manager: Compilation failure: Compilation failure: 
[ERROR] /C:/POS/src/main/java/com/pos/system/controllers/LoginController.java:[74,38] cannot find symbol
[ERROR]   symbol:   class Shift
[ERROR]   location: package com.pos.system.models
[ERROR] /C:/POS/src/main/java/com/pos/system/controllers/LoginController.java:[75,40] cannot find symbol
[ERROR]   symbol:   class ShiftDAO
[ERROR]   location: package com.pos.system.dao
[ERROR] /C:/POS/src/main/java/com/pos/system/controllers/LoginController.java:[75,83] cannot find symbol
[ERROR]   symbol:   class ShiftDAO
[ERROR]   location: package com.pos.system.dao
[ERROR] -> [Help 1]
[ERROR] 
[ERROR] To see the full stack trace of the errors, re-run Maven with the -e switch.
[ERROR] Re-run Maven using the -X switch to enable full debug logging.
[ERROR] 
[ERROR] For more information about the errors and possible solutions, please read the following articles:
[ERROR] [Help 1] http://cwiki.apache.org/confluence/display/MAVEN/MojoFailureException
